2026-10-09 02:48:56.574: [INFO] CurrentProfilePath: C:\Users\sunbeam\Desktop\codes\Day8\.metadata\.plugins\org.eclipse.swt\EBWebView\Default
2026-10-09 02:48:56.574: [INFO] Profiles total count: 1
2026-10-09 02:48:56.574: [INFO] Profile: name=Profile 1 path=C:\Users\sunbeam\Desktop\codes\Day8\.metadata\.plugins\org.eclipse.swt\EBWebView\Default lastActive=null
2026-10-09 02:48:56.574: [INFO] LastUsedProfileDir: C:\Users\sunbeam\Desktop\codes\Day8\.metadata\.plugins\org.eclipse.swt\EBWebView\Default
2026-10-09 02:48:56.574: [INFO] OnDoneLoading sync enabled: 0
2026-10-09 02:48:56.574: [INFO] BookmarkModelLoaded, ids_reassigned: 0
2026-10-09 02:48:56.574: [INFO] BookmarksLoadDropped droppedNodes=0
2026-10-09 02:48:56.574: [INFO] BookmarksSnapshot Startup total=0 bar=0 other=0 mobile=0 showBar=0 showBarNTP=1
2026-10-09 02:50:26.128: [INFO] BookmarksSnapshot Shutdown total=0 bar=0 other=0 mobile=0 showBar=0 showBarNTP=1
2026-10-09 02:50:28.715: [INFO] CurrentProfilePath: C:\Users\sunbeam\Desktop\codes\Day8\.metadata\.plugins\org.eclipse.swt\EBWebView\Default
2026-10-09 02:50:28.715: [INFO] Profiles total count: 1
2026-10-09 02:50:28.715: [INFO] Profile: name=Profile 1 path=C:\Users\sunbeam\Desktop\codes\Day8\.metadata\.plugins\org.eclipse.swt\EBWebView\Default lastActive=null
2026-10-09 02:50:28.715: [INFO] LastUsedProfileDir: C:\Users\sunbeam\Desktop\codes\Day8\.metadata\.plugins\org.eclipse.swt\EBWebView\Default
2026-10-09 02:50:28.715: [INFO] OnDoneLoading sync enabled: 0
2026-10-09 02:50:28.715: [INFO] BookmarkModelLoaded, ids_reassigned: 0
2026-10-09 02:50:28.715: [INFO] BookmarksLoadDropped droppedNodes=0
2026-10-09 02:50:28.715: [INFO] BookmarksSnapshot Startup total=0 bar=0 other=0 mobile=0 showBar=0 showBarNTP=1
2026-10-09 02:52:12.314: [INFO] BookmarksSnapshot Shutdown total=0 bar=0 other=0 mobile=0 showBar=0 showBarNTP=1
2026-10-09 02:52:12.405: [INFO] CurrentProfilePath: C:\Users\sunbeam\Desktop\codes\Day8\.metadata\.plugins\org.eclipse.swt\EBWebView\Default
2026-10-09 02:52:12.405: [INFO] Profiles total count: 1
2026-10-09 02:52:12.405: [INFO] Profile: name=Profile 1 path=C:\Users\sunbeam\Desktop\codes\Day8\.metadata\.plugins\org.eclipse.swt\EBWebView\Default lastActive=null
2026-10-09 02:52:12.405: [INFO] LastUsedProfileDir: C:\Users\sunbeam\Desktop\codes\Day8\.metadata\.plugins\org.eclipse.swt\EBWebView\Default
2026-10-09 02:52:12.405: [INFO] OnDoneLoading sync enabled: 0
2026-10-09 02:52:12.405: [INFO] BookmarkModelLoaded, ids_reassigned: 0
2026-10-09 02:52:12.405: [INFO] BookmarksLoadDropped droppedNodes=0
2026-10-09 02:52:12.405: [INFO] BookmarksSnapshot Startup total=0 bar=0 other=0 mobile=0 showBar=0 showBarNTP=1
2026-10-09 02:55:21.987: [INFO] BookmarksSnapshot Shutdown total=0 bar=0 other=0 mobile=0 showBar=0 showBarNTP=1
2026-10-09 02:55:22.063: [INFO] CurrentProfilePath: C:\Users\sunbeam\Desktop\codes\Day8\.metadata\.plugins\org.eclipse.swt\EBWebView\Default
2026-10-09 02:55:22.063: [INFO] Profiles total count: 1
2026-10-09 02:55:22.063: [INFO] Profile: name=Profile 1 path=C:\Users\sunbeam\Desktop\codes\Day8\.metadata\.plugins\org.eclipse.swt\EBWebView\Default lastActive=null
2026-10-09 02:55:22.063: [INFO] LastUsedProfileDir: C:\Users\sunbeam\Desktop\codes\Day8\.metadata\.plugins\org.eclipse.swt\EBWebView\Default
2026-10-09 02:55:22.063: [INFO] OnDoneLoading sync enabled: 0
2026-10-09 02:55:22.063: [INFO] BookmarkModelLoaded, ids_reassigned: 0
2026-10-09 02:55:22.063: [INFO] BookmarksLoadDropped droppedNodes=0
2026-10-09 02:55:22.063: [INFO] BookmarksSnapshot Startup total=0 bar=0 other=0 mobile=0 showBar=0 showBarNTP=1
2026-10-09 02:58:24.240: [INFO] BookmarksSnapshot Shutdown total=0 bar=0 other=0 mobile=0 showBar=0 showBarNTP=1
2026-10-09 02:58:39.083: [INFO] CurrentProfilePath: C:\Users\sunbeam\Desktop\codes\Day8\.metadata\.plugins\org.eclipse.swt\EBWebView\Default
2026-10-09 02:58:39.083: [INFO] Profiles total count: 1
2026-10-09 02:58:39.084: [INFO] Profile: name=Profile 1 path=C:\Users\sunbeam\Desktop\codes\Day8\.metadata\.plugins\org.eclipse.swt\EBWebView\Default lastActive=null
2026-10-09 02:58:39.084: [INFO] LastUsedProfileDir: C:\Users\sunbeam\Desktop\codes\Day8\.metadata\.plugins\org.eclipse.swt\EBWebView\Default
2026-10-09 02:58:39.084: [INFO] OnDoneLoading sync enabled: 0
2026-10-09 02:58:39.084: [INFO] BookmarkModelLoaded, ids_reassigned: 0
2026-10-09 02:58:39.084: [INFO] BookmarksLoadDropped droppedNodes=0
2026-10-09 02:58:39.084: [INFO] BookmarksSnapshot Startup total=0 bar=0 other=0 mobile=0 showBar=0 showBarNTP=1
2026-10-09 02:58:54.826: [INFO] BookmarksSnapshot Shutdown total=0 bar=0 other=0 mobile=0 showBar=0 showBarNTP=1
2026-10-09 02:59:26.716: [INFO] CurrentProfilePath: C:\Users\sunbeam\Desktop\codes\Day8\.metadata\.plugins\org.eclipse.swt\EBWebView\Default
2026-10-09 02:59:26.716: [INFO] Profiles total count: 1
2026-10-09 02:59:26.716: [INFO] Profile: name=Profile 1 path=C:\Users\sunbeam\Desktop\codes\Day8\.metadata\.plugins\org.eclipse.swt\EBWebView\Default lastActive=null
2026-10-09 02:59:26.716: [INFO] LastUsedProfileDir: C:\Users\sunbeam\Desktop\codes\Day8\.metadata\.plugins\org.eclipse.swt\EBWebView\Default
2026-10-09 02:59:26.716: [INFO] OnDoneLoading sync enabled: 0
2026-10-09 02:59:26.716: [INFO] BookmarkModelLoaded, ids_reassigned: 0
2026-10-09 02:59:26.716: [INFO] BookmarksLoadDropped droppedNodes=0
2026-10-09 02:59:26.716: [INFO] BookmarksSnapshot Startup total=0 bar=0 other=0 mobile=0 showBar=0 showBarNTP=1
2026-10-09 03:00:59.129: [INFO] BookmarksSnapshot Shutdown total=0 bar=0 other=0 mobile=0 showBar=0 showBarNTP=1
2026-10-09 03:01:17.372: [INFO] CurrentProfilePath: C:\Users\sunbeam\Desktop\codes\Day8\.metadata\.plugins\org.eclipse.swt\EBWebView\Default
2026-10-09 03:01:17.372: [INFO] Profiles total count: 1
2026-10-09 03:01:17.372: [INFO] Profile: name=Profile 1 path=C:\Users\sunbeam\Desktop\codes\Day8\.metadata\.plugins\org.eclipse.swt\EBWebView\Default lastActive=null
2026-10-09 03:01:17.372: [INFO] LastUsedProfileDir: C:\Users\sunbeam\Desktop\codes\Day8\.metadata\.plugins\org.eclipse.swt\EBWebView\Default
2026-10-09 03:01:17.372: [INFO] OnDoneLoading sync enabled: 0
2026-10-09 03:01:17.372: [INFO] BookmarkModelLoaded, ids_reassigned: 0
2026-10-09 03:01:17.372: [INFO] BookmarksLoadDropped droppedNodes=0
2026-10-09 03:01:17.372: [INFO] BookmarksSnapshot Startup total=0 bar=0 other=0 mobile=0 showBar=0 showBarNTP=1
2026-10-09 04:27:51.166: [INFO] BookmarksSnapshot Shutdown total=0 bar=0 other=0 mobile=0 showBar=0 showBarNTP=1
2026-10-09 04:31:00.071: [INFO] CurrentProfilePath: C:\Users\sunbeam\Desktop\codes\Day8\.metadata\.plugins\org.eclipse.swt\EBWebView\Default
2026-10-09 04:31:00.071: [INFO] Profiles total count: 1
2026-10-09 04:31:00.071: [INFO] Profile: name=Profile 1 path=C:\Users\sunbeam\Desktop\codes\Day8\.metadata\.plugins\org.eclipse.swt\EBWebView\Default lastActive=null
2026-10-09 04:31:00.071: [INFO] LastUsedProfileDir: C:\Users\sunbeam\Desktop\codes\Day8\.metadata\.plugins\org.eclipse.swt\EBWebView\Default
2026-10-09 04:31:00.071: [INFO] OnDoneLoading sync enabled: 0
2026-10-09 04:31:00.071: [INFO] BookmarkModelLoaded, ids_reassigned: 0
2026-10-09 04:31:00.071: [INFO] BookmarksLoadDropped droppedNodes=0
2026-10-09 04:31:00.071: [INFO] BookmarksSnapshot Startup total=0 bar=0 other=0 mobile=0 showBar=0 showBarNTP=1
2026-10-09 06:01:08.740: [INFO] BookmarksSnapshot Shutdown total=0 bar=0 other=0 mobile=0 showBar=0 showBarNTP=1
2026-10-09 06:04:46.069: [INFO] CurrentProfilePath: C:\Users\sunbeam\Desktop\codes\Day8\.metadata\.plugins\org.eclipse.swt\EBWebView\Default
2026-10-09 06:04:46.069: [INFO] Profiles total count: 1
2026-10-09 06:04:46.069: [INFO] Profile: name=Profile 1 path=C:\Users\sunbeam\Desktop\codes\Day8\.metadata\.plugins\org.eclipse.swt\EBWebView\Default lastActive=2026-10-09T05:50:36.549Z
2026-10-09 06:04:46.069: [INFO] LastUsedProfileDir: C:\Users\sunbeam\Desktop\codes\Day8\.metadata\.plugins\org.eclipse.swt\EBWebView\Default
2026-10-09 06:04:46.069: [INFO] MostRecentlyActiveProfile: name=Profile 1 path=C:\Users\sunbeam\Desktop\codes\Day8\.metadata\.plugins\org.eclipse.swt\EBWebView\Default lastActive=2026-10-09T05:50:36.549Z
2026-10-09 06:04:46.069: [INFO] OnDoneLoading sync enabled: 0
2026-10-09 06:04:46.069: [INFO] BookmarkModelLoaded, ids_reassigned: 0
2026-10-09 06:04:46.069: [INFO] BookmarksLoadDropped droppedNodes=0
2026-10-09 06:04:46.069: [INFO] BookmarksSnapshot Startup total=0 bar=0 other=0 mobile=0 showBar=0 showBarNTP=1
2026-10-09 06:06:53.660: [INFO] BookmarksSnapshot Shutdown total=0 bar=0 other=0 mobile=0 showBar=0 showBarNTP=1
2026-10-09 06:12:30.311: [INFO] CurrentProfilePath: C:\Users\sunbeam\Desktop\codes\Day8\.metadata\.plugins\org.eclipse.swt\EBWebView\Default
2026-10-09 06:12:30.311: [INFO] Profiles total count: 1
2026-10-09 06:12:30.311: [INFO] Profile: name=Profile 1 path=C:\Users\sunbeam\Desktop\codes\Day8\.metadata\.plugins\org.eclipse.swt\EBWebView\Default lastActive=2026-10-09T05:50:36.549Z
2026-10-09 06:12:30.311: [INFO] LastUsedProfileDir: C:\Users\sunbeam\Desktop\codes\Day8\.metadata\.plugins\org.eclipse.swt\EBWebView\Default
2026-10-09 06:12:30.311: [INFO] MostRecentlyActiveProfile: name=Profile 1 path=C:\Users\sunbeam\Desktop\codes\Day8\.metadata\.plugins\org.eclipse.swt\EBWebView\Default lastActive=2026-10-09T05:50:36.549Z
2026-10-09 06:12:30.311: [INFO] OnDoneLoading sync enabled: 0
2026-10-09 06:12:30.311: [INFO] BookmarkModelLoaded, ids_reassigned: 0
2026-10-09 06:12:30.311: [INFO] BookmarksLoadDropped droppedNodes=0
2026-10-09 06:12:30.311: [INFO] BookmarksSnapshot Startup total=0 bar=0 other=0 mobile=0 showBar=0 showBarNTP=1
2026-10-09 08:19:53.448: [INFO] BookmarksSnapshot Shutdown total=0 bar=0 other=0 mobile=0 showBar=0 showBarNTP=1
