2026-10-07 02:51:53.085: [INFO] CurrentProfilePath: C:\Users\sunbeam\Desktop\codes\Day6\.metadata\.plugins\org.eclipse.swt\EBWebView\Default
2026-10-07 02:51:53.085: [INFO] Profiles total count: 1
2026-10-07 02:51:53.085: [INFO] Profile: name=Profile 1 path=C:\Users\sunbeam\Desktop\codes\Day6\.metadata\.plugins\org.eclipse.swt\EBWebView\Default lastActive=null
2026-10-07 02:51:53.085: [INFO] LastUsedProfileDir: C:\Users\sunbeam\Desktop\codes\Day6\.metadata\.plugins\org.eclipse.swt\EBWebView\Default
2026-10-07 02:51:53.085: [INFO] OnDoneLoading sync enabled: 0
2026-10-07 02:51:53.085: [INFO] BookmarkModelLoaded, ids_reassigned: 0
2026-10-07 02:51:53.085: [INFO] BookmarksLoadDropped droppedNodes=0
2026-10-07 02:51:53.085: [INFO] BookmarksSnapshot Startup total=0 bar=0 other=0 mobile=0 showBar=0 showBarNTP=1
2026-10-07 02:55:02.070: [INFO] BookmarksSnapshot Shutdown total=0 bar=0 other=0 mobile=0 showBar=0 showBarNTP=1
2026-10-07 03:02:51.725: [INFO] CurrentProfilePath: C:\Users\sunbeam\Desktop\codes\Day6\.metadata\.plugins\org.eclipse.swt\EBWebView\Default
2026-10-07 03:02:51.725: [INFO] Profiles total count: 1
2026-10-07 03:02:51.725: [INFO] Profile: name=Profile 1 path=C:\Users\sunbeam\Desktop\codes\Day6\.metadata\.plugins\org.eclipse.swt\EBWebView\Default lastActive=null
2026-10-07 03:02:51.725: [INFO] LastUsedProfileDir: C:\Users\sunbeam\Desktop\codes\Day6\.metadata\.plugins\org.eclipse.swt\EBWebView\Default
2026-10-07 03:02:51.725: [INFO] OnDoneLoading sync enabled: 0
2026-10-07 03:02:51.725: [INFO] BookmarkModelLoaded, ids_reassigned: 0
2026-10-07 03:02:51.725: [INFO] BookmarksLoadDropped droppedNodes=0
2026-10-07 03:02:51.725: [INFO] BookmarksSnapshot Startup total=0 bar=0 other=0 mobile=0 showBar=0 showBarNTP=1
2026-10-07 03:04:31.384: [INFO] BookmarksSnapshot Shutdown total=0 bar=0 other=0 mobile=0 showBar=0 showBarNTP=1
2026-10-07 03:18:05.498: [INFO] CurrentProfilePath: C:\Users\sunbeam\Desktop\codes\Day6\.metadata\.plugins\org.eclipse.swt\EBWebView\Default
2026-10-07 03:18:05.498: [INFO] Profiles total count: 1
2026-10-07 03:18:05.498: [INFO] Profile: name=Profile 1 path=C:\Users\sunbeam\Desktop\codes\Day6\.metadata\.plugins\org.eclipse.swt\EBWebView\Default lastActive=null
2026-10-07 03:18:05.498: [INFO] LastUsedProfileDir: C:\Users\sunbeam\Desktop\codes\Day6\.metadata\.plugins\org.eclipse.swt\EBWebView\Default
2026-10-07 03:18:05.498: [INFO] OnDoneLoading sync enabled: 0
2026-10-07 03:18:05.498: [INFO] BookmarkModelLoaded, ids_reassigned: 0
2026-10-07 03:18:05.498: [INFO] BookmarksLoadDropped droppedNodes=0
2026-10-07 03:18:05.498: [INFO] BookmarksSnapshot Startup total=0 bar=0 other=0 mobile=0 showBar=0 showBarNTP=1
2026-10-07 03:28:57.354: [INFO] BookmarksSnapshot Shutdown total=0 bar=0 other=0 mobile=0 showBar=0 showBarNTP=1
2026-10-07 03:31:15.778: [INFO] CurrentProfilePath: C:\Users\sunbeam\Desktop\codes\Day6\.metadata\.plugins\org.eclipse.swt\EBWebView\Default
2026-10-07 03:31:15.778: [INFO] Profiles total count: 1
2026-10-07 03:31:15.778: [INFO] Profile: name=Profile 1 path=C:\Users\sunbeam\Desktop\codes\Day6\.metadata\.plugins\org.eclipse.swt\EBWebView\Default lastActive=null
2026-10-07 03:31:15.778: [INFO] LastUsedProfileDir: C:\Users\sunbeam\Desktop\codes\Day6\.metadata\.plugins\org.eclipse.swt\EBWebView\Default
2026-10-07 03:31:15.778: [INFO] OnDoneLoading sync enabled: 0
2026-10-07 03:31:15.778: [INFO] BookmarkModelLoaded, ids_reassigned: 0
2026-10-07 03:31:15.778: [INFO] BookmarksLoadDropped droppedNodes=0
2026-10-07 03:31:15.778: [INFO] BookmarksSnapshot Startup total=0 bar=0 other=0 mobile=0 showBar=0 showBarNTP=1
2026-10-07 03:33:06.455: [INFO] BookmarksSnapshot Shutdown total=0 bar=0 other=0 mobile=0 showBar=0 showBarNTP=1
2026-10-07 03:53:51.997: [INFO] CurrentProfilePath: C:\Users\sunbeam\Desktop\codes\Day6\.metadata\.plugins\org.eclipse.swt\EBWebView\Default
2026-10-07 03:53:51.997: [INFO] Profiles total count: 1
2026-10-07 03:53:51.997: [INFO] Profile: name=Profile 1 path=C:\Users\sunbeam\Desktop\codes\Day6\.metadata\.plugins\org.eclipse.swt\EBWebView\Default lastActive=null
2026-10-07 03:53:51.997: [INFO] LastUsedProfileDir: C:\Users\sunbeam\Desktop\codes\Day6\.metadata\.plugins\org.eclipse.swt\EBWebView\Default
2026-10-07 03:53:51.997: [INFO] OnDoneLoading sync enabled: 0
2026-10-07 03:53:51.997: [INFO] BookmarkModelLoaded, ids_reassigned: 0
2026-10-07 03:53:51.997: [INFO] BookmarksLoadDropped droppedNodes=0
2026-10-07 03:53:51.997: [INFO] BookmarksSnapshot Startup total=0 bar=0 other=0 mobile=0 showBar=0 showBarNTP=1
2026-10-07 05:08:39.644: [INFO] BookmarksSnapshot Shutdown total=0 bar=0 other=0 mobile=0 showBar=0 showBarNTP=1
2026-10-07 05:20:18.771: [INFO] CurrentProfilePath: C:\Users\sunbeam\Desktop\codes\Day6\.metadata\.plugins\org.eclipse.swt\EBWebView\Default
2026-10-07 05:20:18.771: [INFO] Profiles total count: 1
2026-10-07 05:20:18.771: [INFO] Profile: name=Profile 1 path=C:\Users\sunbeam\Desktop\codes\Day6\.metadata\.plugins\org.eclipse.swt\EBWebView\Default lastActive=null
2026-10-07 05:20:18.771: [INFO] LastUsedProfileDir: C:\Users\sunbeam\Desktop\codes\Day6\.metadata\.plugins\org.eclipse.swt\EBWebView\Default
2026-10-07 05:20:18.771: [INFO] OnDoneLoading sync enabled: 0
2026-10-07 05:20:18.771: [INFO] BookmarkModelLoaded, ids_reassigned: 0
2026-10-07 05:20:18.771: [INFO] BookmarksLoadDropped droppedNodes=0
2026-10-07 05:20:18.771: [INFO] BookmarksSnapshot Startup total=0 bar=0 other=0 mobile=0 showBar=0 showBarNTP=1
2026-10-07 08:14:51.644: [INFO] BookmarksSnapshot Shutdown total=0 bar=0 other=0 mobile=0 showBar=0 showBarNTP=1
2026-10-07 08:18:46.824: [INFO] CurrentProfilePath: C:\Users\sunbeam\Desktop\codes\Day6\.metadata\.plugins\org.eclipse.swt\EBWebView\Default
2026-10-07 08:18:46.824: [INFO] Profiles total count: 1
2026-10-07 08:18:46.824: [INFO] Profile: name=Profile 1 path=C:\Users\sunbeam\Desktop\codes\Day6\.metadata\.plugins\org.eclipse.swt\EBWebView\Default lastActive=2026-10-07T05:28:17.763Z
2026-10-07 08:18:46.824: [INFO] LastUsedProfileDir: C:\Users\sunbeam\Desktop\codes\Day6\.metadata\.plugins\org.eclipse.swt\EBWebView\Default
2026-10-07 08:18:46.824: [INFO] MostRecentlyActiveProfile: name=Profile 1 path=C:\Users\sunbeam\Desktop\codes\Day6\.metadata\.plugins\org.eclipse.swt\EBWebView\Default lastActive=2026-10-07T05:28:17.763Z
2026-10-07 08:18:46.824: [INFO] OnDoneLoading sync enabled: 0
2026-10-07 08:18:46.824: [INFO] BookmarkModelLoaded, ids_reassigned: 0
2026-10-07 08:18:46.824: [INFO] BookmarksLoadDropped droppedNodes=0
2026-10-07 08:18:46.824: [INFO] BookmarksSnapshot Startup total=0 bar=0 other=0 mobile=0 showBar=0 showBarNTP=1
2026-10-07 08:19:53.137: [INFO] BookmarksSnapshot Shutdown total=0 bar=0 other=0 mobile=0 showBar=0 showBarNTP=1
