2026-10-10 02:47:39.566: [INFO] CurrentProfilePath: C:\Users\sunbeam\Desktop\codes\Day9\.metadata\.plugins\org.eclipse.swt\EBWebView\Default
2026-10-10 02:47:39.566: [INFO] Profiles total count: 1
2026-10-10 02:47:39.566: [INFO] Profile: name=Profile 1 path=C:\Users\sunbeam\Desktop\codes\Day9\.metadata\.plugins\org.eclipse.swt\EBWebView\Default lastActive=null
2026-10-10 02:47:39.566: [INFO] LastUsedProfileDir: C:\Users\sunbeam\Desktop\codes\Day9\.metadata\.plugins\org.eclipse.swt\EBWebView\Default
2026-10-10 02:47:39.566: [INFO] OnDoneLoading sync enabled: 0
2026-10-10 02:47:39.566: [INFO] BookmarkModelLoaded, ids_reassigned: 0
2026-10-10 02:47:39.566: [INFO] BookmarksLoadDropped droppedNodes=0
2026-10-10 02:47:39.566: [INFO] BookmarksSnapshot Startup total=0 bar=0 other=0 mobile=0 showBar=0 showBarNTP=1
2026-10-10 02:47:49.803: [INFO] BookmarksSnapshot Shutdown total=0 bar=0 other=0 mobile=0 showBar=0 showBarNTP=1
2026-10-10 02:51:02.778: [INFO] CurrentProfilePath: C:\Users\sunbeam\Desktop\codes\Day9\.metadata\.plugins\org.eclipse.swt\EBWebView\Default
2026-10-10 02:51:02.778: [INFO] Profiles total count: 1
2026-10-10 02:51:02.778: [INFO] Profile: name=Profile 1 path=C:\Users\sunbeam\Desktop\codes\Day9\.metadata\.plugins\org.eclipse.swt\EBWebView\Default lastActive=null
2026-10-10 02:51:02.778: [INFO] LastUsedProfileDir: C:\Users\sunbeam\Desktop\codes\Day9\.metadata\.plugins\org.eclipse.swt\EBWebView\Default
2026-10-10 02:51:02.778: [INFO] OnDoneLoading sync enabled: 0
2026-10-10 02:51:02.778: [INFO] BookmarkModelLoaded, ids_reassigned: 0
2026-10-10 02:51:02.778: [INFO] BookmarksLoadDropped droppedNodes=0
2026-10-10 02:51:02.778: [INFO] BookmarksSnapshot Startup total=0 bar=0 other=0 mobile=0 showBar=0 showBarNTP=1
2026-10-10 02:52:26.923: [INFO] BookmarksSnapshot Shutdown total=0 bar=0 other=0 mobile=0 showBar=0 showBarNTP=1
2026-10-10 02:53:23.261: [INFO] CurrentProfilePath: C:\Users\sunbeam\Desktop\codes\Day9\.metadata\.plugins\org.eclipse.swt\EBWebView\Default
2026-10-10 02:53:23.261: [INFO] Profiles total count: 1
2026-10-10 02:53:23.261: [INFO] Profile: name=Profile 1 path=C:\Users\sunbeam\Desktop\codes\Day9\.metadata\.plugins\org.eclipse.swt\EBWebView\Default lastActive=null
2026-10-10 02:53:23.261: [INFO] LastUsedProfileDir: C:\Users\sunbeam\Desktop\codes\Day9\.metadata\.plugins\org.eclipse.swt\EBWebView\Default
2026-10-10 02:53:23.261: [INFO] OnDoneLoading sync enabled: 0
2026-10-10 02:53:23.261: [INFO] BookmarkModelLoaded, ids_reassigned: 0
2026-10-10 02:53:23.261: [INFO] BookmarksLoadDropped droppedNodes=0
2026-10-10 02:53:23.261: [INFO] BookmarksSnapshot Startup total=0 bar=0 other=0 mobile=0 showBar=0 showBarNTP=1
2026-10-10 03:15:27.236: [INFO] BookmarksSnapshot Shutdown total=0 bar=0 other=0 mobile=0 showBar=0 showBarNTP=1
2026-10-10 03:17:46.935: [INFO] CurrentProfilePath: C:\Users\sunbeam\Desktop\codes\Day9\.metadata\.plugins\org.eclipse.swt\EBWebView\Default
2026-10-10 03:17:46.935: [INFO] Profiles total count: 1
2026-10-10 03:17:46.935: [INFO] Profile: name=Profile 1 path=C:\Users\sunbeam\Desktop\codes\Day9\.metadata\.plugins\org.eclipse.swt\EBWebView\Default lastActive=null
2026-10-10 03:17:46.935: [INFO] LastUsedProfileDir: C:\Users\sunbeam\Desktop\codes\Day9\.metadata\.plugins\org.eclipse.swt\EBWebView\Default
2026-10-10 03:17:46.935: [INFO] OnDoneLoading sync enabled: 0
2026-10-10 03:17:46.935: [INFO] BookmarkModelLoaded, ids_reassigned: 0
2026-10-10 03:17:46.935: [INFO] BookmarksLoadDropped droppedNodes=0
2026-10-10 03:17:46.935: [INFO] BookmarksSnapshot Startup total=0 bar=0 other=0 mobile=0 showBar=0 showBarNTP=1
2026-10-10 06:05:40.217: [INFO] BookmarksSnapshot Shutdown total=0 bar=0 other=0 mobile=0 showBar=0 showBarNTP=1
2026-10-10 06:07:16.738: [INFO] CurrentProfilePath: C:\Users\sunbeam\Desktop\codes\Day9\.metadata\.plugins\org.eclipse.swt\EBWebView\Default
2026-10-10 06:07:16.738: [INFO] Profiles total count: 1
2026-10-10 06:07:16.738: [INFO] Profile: name=Profile 1 path=C:\Users\sunbeam\Desktop\codes\Day9\.metadata\.plugins\org.eclipse.swt\EBWebView\Default lastActive=2026-10-10T04:21:58.650Z
2026-10-10 06:07:16.738: [INFO] LastUsedProfileDir: C:\Users\sunbeam\Desktop\codes\Day9\.metadata\.plugins\org.eclipse.swt\EBWebView\Default
2026-10-10 06:07:16.738: [INFO] MostRecentlyActiveProfile: name=Profile 1 path=C:\Users\sunbeam\Desktop\codes\Day9\.metadata\.plugins\org.eclipse.swt\EBWebView\Default lastActive=2026-10-10T04:21:58.650Z
2026-10-10 06:07:16.738: [INFO] OnDoneLoading sync enabled: 0
2026-10-10 06:07:16.738: [INFO] BookmarkModelLoaded, ids_reassigned: 0
2026-10-10 06:07:16.738: [INFO] BookmarksLoadDropped droppedNodes=0
2026-10-10 06:07:16.738: [INFO] BookmarksSnapshot Startup total=0 bar=0 other=0 mobile=0 showBar=0 showBarNTP=1
2026-10-10 06:07:26.494: [INFO] BookmarksSnapshot Shutdown total=0 bar=0 other=0 mobile=0 showBar=0 showBarNTP=1
2026-10-10 06:08:41.429: [INFO] CurrentProfilePath: C:\Users\sunbeam\Desktop\codes\Day9\.metadata\.plugins\org.eclipse.swt\EBWebView\Default
2026-10-10 06:08:41.429: [INFO] Profiles total count: 1
2026-10-10 06:08:41.430: [INFO] Profile: name=Profile 1 path=C:\Users\sunbeam\Desktop\codes\Day9\.metadata\.plugins\org.eclipse.swt\EBWebView\Default lastActive=2026-10-10T04:21:58.650Z
2026-10-10 06:08:41.430: [INFO] LastUsedProfileDir: C:\Users\sunbeam\Desktop\codes\Day9\.metadata\.plugins\org.eclipse.swt\EBWebView\Default
2026-10-10 06:08:41.430: [INFO] MostRecentlyActiveProfile: name=Profile 1 path=C:\Users\sunbeam\Desktop\codes\Day9\.metadata\.plugins\org.eclipse.swt\EBWebView\Default lastActive=2026-10-10T04:21:58.650Z
2026-10-10 06:08:41.430: [INFO] OnDoneLoading sync enabled: 0
2026-10-10 06:08:41.430: [INFO] BookmarkModelLoaded, ids_reassigned: 0
2026-10-10 06:08:41.430: [INFO] BookmarksLoadDropped droppedNodes=0
2026-10-10 06:08:41.430: [INFO] BookmarksSnapshot Startup total=0 bar=0 other=0 mobile=0 showBar=0 showBarNTP=1
2026-10-10 06:23:14.906: [INFO] BookmarksSnapshot Shutdown total=0 bar=0 other=0 mobile=0 showBar=0 showBarNTP=1
2026-10-10 06:25:33.112: [INFO] CurrentProfilePath: C:\Users\sunbeam\Desktop\codes\Day9\.metadata\.plugins\org.eclipse.swt\EBWebView\Default
2026-10-10 06:25:33.112: [INFO] Profiles total count: 1
2026-10-10 06:25:33.113: [INFO] Profile: name=Profile 1 path=C:\Users\sunbeam\Desktop\codes\Day9\.metadata\.plugins\org.eclipse.swt\EBWebView\Default lastActive=2026-10-10T06:08:43.833Z
2026-10-10 06:25:33.113: [INFO] LastUsedProfileDir: C:\Users\sunbeam\Desktop\codes\Day9\.metadata\.plugins\org.eclipse.swt\EBWebView\Default
2026-10-10 06:25:33.113: [INFO] MostRecentlyActiveProfile: name=Profile 1 path=C:\Users\sunbeam\Desktop\codes\Day9\.metadata\.plugins\org.eclipse.swt\EBWebView\Default lastActive=2026-10-10T06:08:43.833Z
2026-10-10 06:25:33.113: [INFO] OnDoneLoading sync enabled: 0
2026-10-10 06:25:33.113: [INFO] BookmarkModelLoaded, ids_reassigned: 0
2026-10-10 06:25:33.113: [INFO] BookmarksLoadDropped droppedNodes=0
2026-10-10 06:25:33.113: [INFO] BookmarksSnapshot Startup total=0 bar=0 other=0 mobile=0 showBar=0 showBarNTP=1
2026-10-10 06:25:36.088: [INFO] BookmarksSnapshot Shutdown total=0 bar=0 other=0 mobile=0 showBar=0 showBarNTP=1
2026-10-10 06:48:44.010: [INFO] CurrentProfilePath: C:\Users\sunbeam\Desktop\codes\Day9\.metadata\.plugins\org.eclipse.swt\EBWebView\Default
2026-10-10 06:48:44.010: [INFO] Profiles total count: 1
2026-10-10 06:48:44.010: [INFO] Profile: name=Profile 1 path=C:\Users\sunbeam\Desktop\codes\Day9\.metadata\.plugins\org.eclipse.swt\EBWebView\Default lastActive=2026-10-10T06:08:43.833Z
2026-10-10 06:48:44.010: [INFO] LastUsedProfileDir: C:\Users\sunbeam\Desktop\codes\Day9\.metadata\.plugins\org.eclipse.swt\EBWebView\Default
2026-10-10 06:48:44.010: [INFO] MostRecentlyActiveProfile: name=Profile 1 path=C:\Users\sunbeam\Desktop\codes\Day9\.metadata\.plugins\org.eclipse.swt\EBWebView\Default lastActive=2026-10-10T06:08:43.833Z
2026-10-10 06:48:44.010: [INFO] OnDoneLoading sync enabled: 0
2026-10-10 06:48:44.010: [INFO] BookmarkModelLoaded, ids_reassigned: 0
2026-10-10 06:48:44.010: [INFO] BookmarksLoadDropped droppedNodes=0
2026-10-10 06:48:44.010: [INFO] BookmarksSnapshot Startup total=0 bar=0 other=0 mobile=0 showBar=0 showBarNTP=1
2026-10-10 06:51:17.642: [INFO] BookmarksSnapshot Shutdown total=0 bar=0 other=0 mobile=0 showBar=0 showBarNTP=1
2026-10-10 06:53:26.438: [INFO] CurrentProfilePath: C:\Users\sunbeam\Desktop\codes\Day9\.metadata\.plugins\org.eclipse.swt\EBWebView\Default
2026-10-10 06:53:26.438: [INFO] Profiles total count: 1
2026-10-10 06:53:26.438: [INFO] Profile: name=Profile 1 path=C:\Users\sunbeam\Desktop\codes\Day9\.metadata\.plugins\org.eclipse.swt\EBWebView\Default lastActive=2026-10-10T06:08:43.833Z
2026-10-10 06:53:26.438: [INFO] LastUsedProfileDir: C:\Users\sunbeam\Desktop\codes\Day9\.metadata\.plugins\org.eclipse.swt\EBWebView\Default
2026-10-10 06:53:26.438: [INFO] MostRecentlyActiveProfile: name=Profile 1 path=C:\Users\sunbeam\Desktop\codes\Day9\.metadata\.plugins\org.eclipse.swt\EBWebView\Default lastActive=2026-10-10T06:08:43.833Z
2026-10-10 06:53:26.438: [INFO] OnDoneLoading sync enabled: 0
2026-10-10 06:53:26.438: [INFO] BookmarkModelLoaded, ids_reassigned: 0
2026-10-10 06:53:26.438: [INFO] BookmarksLoadDropped droppedNodes=0
2026-10-10 06:53:26.438: [INFO] BookmarksSnapshot Startup total=0 bar=0 other=0 mobile=0 showBar=0 showBarNTP=1
2026-10-10 07:03:41.309: [INFO] BookmarksSnapshot Shutdown total=0 bar=0 other=0 mobile=0 showBar=0 showBarNTP=1
2026-10-10 07:07:26.083: [INFO] CurrentProfilePath: C:\Users\sunbeam\Desktop\codes\Day9\.metadata\.plugins\org.eclipse.swt\EBWebView\Default
2026-10-10 07:07:26.083: [INFO] Profiles total count: 1
2026-10-10 07:07:26.083: [INFO] Profile: name=Profile 1 path=C:\Users\sunbeam\Desktop\codes\Day9\.metadata\.plugins\org.eclipse.swt\EBWebView\Default lastActive=2026-10-10T06:08:43.833Z
2026-10-10 07:07:26.083: [INFO] LastUsedProfileDir: C:\Users\sunbeam\Desktop\codes\Day9\.metadata\.plugins\org.eclipse.swt\EBWebView\Default
2026-10-10 07:07:26.083: [INFO] MostRecentlyActiveProfile: name=Profile 1 path=C:\Users\sunbeam\Desktop\codes\Day9\.metadata\.plugins\org.eclipse.swt\EBWebView\Default lastActive=2026-10-10T06:08:43.833Z
2026-10-10 07:07:26.083: [INFO] OnDoneLoading sync enabled: 0
2026-10-10 07:07:26.083: [INFO] BookmarkModelLoaded, ids_reassigned: 0
2026-10-10 07:07:26.083: [INFO] BookmarksLoadDropped droppedNodes=0
2026-10-10 07:07:26.083: [INFO] BookmarksSnapshot Startup total=0 bar=0 other=0 mobile=0 showBar=0 showBarNTP=1
2026-10-10 07:22:19.095: [INFO] BookmarksSnapshot Shutdown total=0 bar=0 other=0 mobile=0 showBar=0 showBarNTP=1
2026-10-10 07:24:28.165: [INFO] CurrentProfilePath: C:\Users\sunbeam\Desktop\codes\Day9\.metadata\.plugins\org.eclipse.swt\EBWebView\Default
2026-10-10 07:24:28.165: [INFO] Profiles total count: 1
2026-10-10 07:24:28.165: [INFO] Profile: name=Profile 1 path=C:\Users\sunbeam\Desktop\codes\Day9\.metadata\.plugins\org.eclipse.swt\EBWebView\Default lastActive=2026-10-10T06:08:43.833Z
2026-10-10 07:24:28.165: [INFO] LastUsedProfileDir: C:\Users\sunbeam\Desktop\codes\Day9\.metadata\.plugins\org.eclipse.swt\EBWebView\Default
2026-10-10 07:24:28.165: [INFO] MostRecentlyActiveProfile: name=Profile 1 path=C:\Users\sunbeam\Desktop\codes\Day9\.metadata\.plugins\org.eclipse.swt\EBWebView\Default lastActive=2026-10-10T06:08:43.833Z
2026-10-10 07:24:28.165: [INFO] OnDoneLoading sync enabled: 0
2026-10-10 07:24:28.165: [INFO] BookmarkModelLoaded, ids_reassigned: 0
2026-10-10 07:24:28.165: [INFO] BookmarksLoadDropped droppedNodes=0
2026-10-10 07:24:28.165: [INFO] BookmarksSnapshot Startup total=0 bar=0 other=0 mobile=0 showBar=0 showBarNTP=1
2026-10-10 07:24:28.279: [INFO] BookmarksSnapshot Shutdown total=0 bar=0 other=0 mobile=0 showBar=0 showBarNTP=1
2026-10-10 07:27:10.943: [INFO] CurrentProfilePath: C:\Users\sunbeam\Desktop\codes\Day9\.metadata\.plugins\org.eclipse.swt\EBWebView\Default
2026-10-10 07:27:10.943: [INFO] Profiles total count: 1
2026-10-10 07:27:10.944: [INFO] Profile: name=Profile 1 path=C:\Users\sunbeam\Desktop\codes\Day9\.metadata\.plugins\org.eclipse.swt\EBWebView\Default lastActive=2026-10-10T06:08:43.833Z
2026-10-10 07:27:10.944: [INFO] LastUsedProfileDir: C:\Users\sunbeam\Desktop\codes\Day9\.metadata\.plugins\org.eclipse.swt\EBWebView\Default
2026-10-10 07:27:10.944: [INFO] MostRecentlyActiveProfile: name=Profile 1 path=C:\Users\sunbeam\Desktop\codes\Day9\.metadata\.plugins\org.eclipse.swt\EBWebView\Default lastActive=2026-10-10T06:08:43.833Z
2026-10-10 07:27:10.944: [INFO] OnDoneLoading sync enabled: 0
2026-10-10 07:27:10.944: [INFO] BookmarkModelLoaded, ids_reassigned: 0
2026-10-10 07:27:10.944: [INFO] BookmarksLoadDropped droppedNodes=0
2026-10-10 07:27:10.944: [INFO] BookmarksSnapshot Startup total=0 bar=0 other=0 mobile=0 showBar=0 showBarNTP=1
2026-10-10 07:27:13.496: [INFO] BookmarksSnapshot Shutdown total=0 bar=0 other=0 mobile=0 showBar=0 showBarNTP=1
2026-10-10 07:33:59.911: [INFO] CurrentProfilePath: C:\Users\sunbeam\Desktop\codes\Day9\.metadata\.plugins\org.eclipse.swt\EBWebView\Default
2026-10-10 07:33:59.911: [INFO] Profiles total count: 1
2026-10-10 07:33:59.911: [INFO] Profile: name=Profile 1 path=C:\Users\sunbeam\Desktop\codes\Day9\.metadata\.plugins\org.eclipse.swt\EBWebView\Default lastActive=2026-10-10T06:08:43.833Z
2026-10-10 07:33:59.911: [INFO] LastUsedProfileDir: C:\Users\sunbeam\Desktop\codes\Day9\.metadata\.plugins\org.eclipse.swt\EBWebView\Default
2026-10-10 07:33:59.911: [INFO] MostRecentlyActiveProfile: name=Profile 1 path=C:\Users\sunbeam\Desktop\codes\Day9\.metadata\.plugins\org.eclipse.swt\EBWebView\Default lastActive=2026-10-10T06:08:43.833Z
2026-10-10 07:33:59.911: [INFO] OnDoneLoading sync enabled: 0
2026-10-10 07:33:59.911: [INFO] BookmarkModelLoaded, ids_reassigned: 0
2026-10-10 07:33:59.911: [INFO] BookmarksLoadDropped droppedNodes=0
2026-10-10 07:33:59.911: [INFO] BookmarksSnapshot Startup total=0 bar=0 other=0 mobile=0 showBar=0 showBarNTP=1
