2026-10-06 02:59:22.897: [INFO] CurrentProfilePath: C:\Users\sunbeam\Desktop\codes\Day5\.metadata\.plugins\org.eclipse.swt\EBWebView\Default
2026-10-06 02:59:22.897: [INFO] Profiles total count: 1
2026-10-06 02:59:22.897: [INFO] Profile: name=Profile 1 path=C:\Users\sunbeam\Desktop\codes\Day5\.metadata\.plugins\org.eclipse.swt\EBWebView\Default lastActive=null
2026-10-06 02:59:22.897: [INFO] LastUsedProfileDir: C:\Users\sunbeam\Desktop\codes\Day5\.metadata\.plugins\org.eclipse.swt\EBWebView\Default
2026-10-06 02:59:22.897: [INFO] OnDoneLoading sync enabled: 0
2026-10-06 02:59:22.897: [INFO] BookmarkModelLoaded, ids_reassigned: 0
2026-10-06 02:59:22.897: [INFO] BookmarksLoadDropped droppedNodes=0
2026-10-06 02:59:22.897: [INFO] BookmarksSnapshot Startup total=0 bar=0 other=0 mobile=0 showBar=0 showBarNTP=1
2026-10-06 03:03:04.347: [INFO] BookmarksSnapshot Shutdown total=0 bar=0 other=0 mobile=0 showBar=0 showBarNTP=1
2026-10-06 03:03:11.666: [INFO] CurrentProfilePath: C:\Users\sunbeam\Desktop\codes\Day5\.metadata\.plugins\org.eclipse.swt\EBWebView\Default
2026-10-06 03:03:11.666: [INFO] Profiles total count: 1
2026-10-06 03:03:11.666: [INFO] Profile: name=Profile 1 path=C:\Users\sunbeam\Desktop\codes\Day5\.metadata\.plugins\org.eclipse.swt\EBWebView\Default lastActive=null
2026-10-06 03:03:11.666: [INFO] LastUsedProfileDir: C:\Users\sunbeam\Desktop\codes\Day5\.metadata\.plugins\org.eclipse.swt\EBWebView\Default
2026-10-06 03:03:11.666: [INFO] OnDoneLoading sync enabled: 0
2026-10-06 03:03:11.666: [INFO] BookmarkModelLoaded, ids_reassigned: 0
2026-10-06 03:03:11.666: [INFO] BookmarksLoadDropped droppedNodes=0
2026-10-06 03:03:11.666: [INFO] BookmarksSnapshot Startup total=0 bar=0 other=0 mobile=0 showBar=0 showBarNTP=1
2026-10-06 03:04:34.728: [INFO] BookmarksSnapshot Shutdown total=0 bar=0 other=0 mobile=0 showBar=0 showBarNTP=1
2026-10-06 03:05:21.128: [INFO] CurrentProfilePath: C:\Users\sunbeam\Desktop\codes\Day5\.metadata\.plugins\org.eclipse.swt\EBWebView\Default
2026-10-06 03:05:21.128: [INFO] Profiles total count: 1
2026-10-06 03:05:21.128: [INFO] Profile: name=Profile 1 path=C:\Users\sunbeam\Desktop\codes\Day5\.metadata\.plugins\org.eclipse.swt\EBWebView\Default lastActive=null
2026-10-06 03:05:21.128: [INFO] LastUsedProfileDir: C:\Users\sunbeam\Desktop\codes\Day5\.metadata\.plugins\org.eclipse.swt\EBWebView\Default
2026-10-06 03:05:21.128: [INFO] OnDoneLoading sync enabled: 0
2026-10-06 03:05:21.128: [INFO] BookmarkModelLoaded, ids_reassigned: 0
2026-10-06 03:05:21.128: [INFO] BookmarksLoadDropped droppedNodes=0
2026-10-06 03:05:21.128: [INFO] BookmarksSnapshot Startup total=0 bar=0 other=0 mobile=0 showBar=0 showBarNTP=1
2026-10-06 03:41:07.989: [INFO] BookmarksSnapshot Shutdown total=0 bar=0 other=0 mobile=0 showBar=0 showBarNTP=1
2026-10-06 03:43:23.498: [INFO] CurrentProfilePath: C:\Users\sunbeam\Desktop\codes\Day5\.metadata\.plugins\org.eclipse.swt\EBWebView\Default
2026-10-06 03:43:23.498: [INFO] Profiles total count: 1
2026-10-06 03:43:23.498: [INFO] Profile: name=Profile 1 path=C:\Users\sunbeam\Desktop\codes\Day5\.metadata\.plugins\org.eclipse.swt\EBWebView\Default lastActive=2026-10-06T03:12:16.058Z
2026-10-06 03:43:23.498: [INFO] LastUsedProfileDir: C:\Users\sunbeam\Desktop\codes\Day5\.metadata\.plugins\org.eclipse.swt\EBWebView\Default
2026-10-06 03:43:23.498: [INFO] MostRecentlyActiveProfile: name=Profile 1 path=C:\Users\sunbeam\Desktop\codes\Day5\.metadata\.plugins\org.eclipse.swt\EBWebView\Default lastActive=2026-10-06T03:12:16.058Z
2026-10-06 03:43:23.498: [INFO] OnDoneLoading sync enabled: 0
2026-10-06 03:43:23.498: [INFO] BookmarkModelLoaded, ids_reassigned: 0
2026-10-06 03:43:23.498: [INFO] BookmarksLoadDropped droppedNodes=0
2026-10-06 03:43:23.498: [INFO] BookmarksSnapshot Startup total=0 bar=0 other=0 mobile=0 showBar=0 showBarNTP=1
2026-10-06 03:49:35.351: [INFO] BookmarksSnapshot Shutdown total=0 bar=0 other=0 mobile=0 showBar=0 showBarNTP=1
2026-10-06 03:50:06.777: [INFO] CurrentProfilePath: C:\Users\sunbeam\Desktop\codes\Day5\.metadata\.plugins\org.eclipse.swt\EBWebView\Default
2026-10-06 03:50:06.777: [INFO] Profiles total count: 1
2026-10-06 03:50:06.777: [INFO] Profile: name=Profile 1 path=C:\Users\sunbeam\Desktop\codes\Day5\.metadata\.plugins\org.eclipse.swt\EBWebView\Default lastActive=2026-10-06T03:12:16.058Z
2026-10-06 03:50:06.777: [INFO] LastUsedProfileDir: C:\Users\sunbeam\Desktop\codes\Day5\.metadata\.plugins\org.eclipse.swt\EBWebView\Default
2026-10-06 03:50:06.777: [INFO] MostRecentlyActiveProfile: name=Profile 1 path=C:\Users\sunbeam\Desktop\codes\Day5\.metadata\.plugins\org.eclipse.swt\EBWebView\Default lastActive=2026-10-06T03:12:16.058Z
2026-10-06 03:50:06.777: [INFO] OnDoneLoading sync enabled: 0
2026-10-06 03:50:06.777: [INFO] BookmarkModelLoaded, ids_reassigned: 0
2026-10-06 03:50:06.777: [INFO] BookmarksLoadDropped droppedNodes=0
2026-10-06 03:50:06.777: [INFO] BookmarksSnapshot Startup total=0 bar=0 other=0 mobile=0 showBar=0 showBarNTP=1
2026-10-06 04:09:16.276: [INFO] BookmarksSnapshot Shutdown total=0 bar=0 other=0 mobile=0 showBar=0 showBarNTP=1
2026-10-06 04:17:43.959: [INFO] CurrentProfilePath: C:\Users\sunbeam\Desktop\codes\Day5\.metadata\.plugins\org.eclipse.swt\EBWebView\Default
2026-10-06 04:17:43.959: [INFO] Profiles total count: 1
2026-10-06 04:17:43.959: [INFO] Profile: name=Profile 1 path=C:\Users\sunbeam\Desktop\codes\Day5\.metadata\.plugins\org.eclipse.swt\EBWebView\Default lastActive=2026-10-06T03:12:16.058Z
2026-10-06 04:17:43.959: [INFO] LastUsedProfileDir: C:\Users\sunbeam\Desktop\codes\Day5\.metadata\.plugins\org.eclipse.swt\EBWebView\Default
2026-10-06 04:17:43.959: [INFO] MostRecentlyActiveProfile: name=Profile 1 path=C:\Users\sunbeam\Desktop\codes\Day5\.metadata\.plugins\org.eclipse.swt\EBWebView\Default lastActive=2026-10-06T03:12:16.058Z
2026-10-06 04:17:43.959: [INFO] OnDoneLoading sync enabled: 0
2026-10-06 04:17:43.959: [INFO] BookmarkModelLoaded, ids_reassigned: 0
2026-10-06 04:17:43.959: [INFO] BookmarksLoadDropped droppedNodes=0
2026-10-06 04:17:43.959: [INFO] BookmarksSnapshot Startup total=0 bar=0 other=0 mobile=0 showBar=0 showBarNTP=1
2026-10-06 05:07:18.567: [INFO] BookmarksSnapshot Shutdown total=0 bar=0 other=0 mobile=0 showBar=0 showBarNTP=1
2026-10-06 05:16:37.662: [INFO] CurrentProfilePath: C:\Users\sunbeam\Desktop\codes\Day5\.metadata\.plugins\org.eclipse.swt\EBWebView\Default
2026-10-06 05:16:37.662: [INFO] Profiles total count: 1
2026-10-06 05:16:37.662: [INFO] Profile: name=Profile 1 path=C:\Users\sunbeam\Desktop\codes\Day5\.metadata\.plugins\org.eclipse.swt\EBWebView\Default lastActive=2026-10-06T03:12:16.058Z
2026-10-06 05:16:37.662: [INFO] LastUsedProfileDir: C:\Users\sunbeam\Desktop\codes\Day5\.metadata\.plugins\org.eclipse.swt\EBWebView\Default
2026-10-06 05:16:37.662: [INFO] MostRecentlyActiveProfile: name=Profile 1 path=C:\Users\sunbeam\Desktop\codes\Day5\.metadata\.plugins\org.eclipse.swt\EBWebView\Default lastActive=2026-10-06T03:12:16.058Z
2026-10-06 05:16:37.662: [INFO] OnDoneLoading sync enabled: 0
2026-10-06 05:16:37.662: [INFO] BookmarkModelLoaded, ids_reassigned: 0
2026-10-06 05:16:37.662: [INFO] BookmarksLoadDropped droppedNodes=0
2026-10-06 05:16:37.662: [INFO] BookmarksSnapshot Startup total=0 bar=0 other=0 mobile=0 showBar=0 showBarNTP=1
2026-10-06 05:18:29.682: [INFO] BookmarksSnapshot Shutdown total=0 bar=0 other=0 mobile=0 showBar=0 showBarNTP=1
2026-10-06 05:20:55.704: [INFO] CurrentProfilePath: C:\Users\sunbeam\Desktop\codes\Day5\.metadata\.plugins\org.eclipse.swt\EBWebView\Default
2026-10-06 05:20:55.704: [INFO] Profiles total count: 1
2026-10-06 05:20:55.704: [INFO] Profile: name=Profile 1 path=C:\Users\sunbeam\Desktop\codes\Day5\.metadata\.plugins\org.eclipse.swt\EBWebView\Default lastActive=2026-10-06T03:12:16.058Z
2026-10-06 05:20:55.704: [INFO] LastUsedProfileDir: C:\Users\sunbeam\Desktop\codes\Day5\.metadata\.plugins\org.eclipse.swt\EBWebView\Default
2026-10-06 05:20:55.704: [INFO] MostRecentlyActiveProfile: name=Profile 1 path=C:\Users\sunbeam\Desktop\codes\Day5\.metadata\.plugins\org.eclipse.swt\EBWebView\Default lastActive=2026-10-06T03:12:16.058Z
2026-10-06 05:20:55.704: [INFO] OnDoneLoading sync enabled: 0
2026-10-06 05:20:55.704: [INFO] BookmarkModelLoaded, ids_reassigned: 0
2026-10-06 05:20:55.704: [INFO] BookmarksLoadDropped droppedNodes=0
2026-10-06 05:20:55.704: [INFO] BookmarksSnapshot Startup total=0 bar=0 other=0 mobile=0 showBar=0 showBarNTP=1
2026-10-06 05:26:00.464: [INFO] BookmarksSnapshot Shutdown total=0 bar=0 other=0 mobile=0 showBar=0 showBarNTP=1
2026-10-06 05:26:42.508: [INFO] CurrentProfilePath: C:\Users\sunbeam\Desktop\codes\Day5\.metadata\.plugins\org.eclipse.swt\EBWebView\Default
2026-10-06 05:26:42.508: [INFO] Profiles total count: 1
2026-10-06 05:26:42.509: [INFO] Profile: name=Profile 1 path=C:\Users\sunbeam\Desktop\codes\Day5\.metadata\.plugins\org.eclipse.swt\EBWebView\Default lastActive=2026-10-06T03:12:16.058Z
2026-10-06 05:26:42.509: [INFO] LastUsedProfileDir: C:\Users\sunbeam\Desktop\codes\Day5\.metadata\.plugins\org.eclipse.swt\EBWebView\Default
2026-10-06 05:26:42.509: [INFO] MostRecentlyActiveProfile: name=Profile 1 path=C:\Users\sunbeam\Desktop\codes\Day5\.metadata\.plugins\org.eclipse.swt\EBWebView\Default lastActive=2026-10-06T03:12:16.058Z
2026-10-06 05:26:42.509: [INFO] OnDoneLoading sync enabled: 0
2026-10-06 05:26:42.509: [INFO] BookmarkModelLoaded, ids_reassigned: 0
2026-10-06 05:26:42.509: [INFO] BookmarksLoadDropped droppedNodes=0
2026-10-06 05:26:42.509: [INFO] BookmarksSnapshot Startup total=0 bar=0 other=0 mobile=0 showBar=0 showBarNTP=1
2026-10-06 05:36:23.552: [INFO] BookmarksSnapshot Shutdown total=0 bar=0 other=0 mobile=0 showBar=0 showBarNTP=1
2026-10-06 05:36:26.454: [INFO] CurrentProfilePath: C:\Users\sunbeam\Desktop\codes\Day5\.metadata\.plugins\org.eclipse.swt\EBWebView\Default
2026-10-06 05:36:26.454: [INFO] Profiles total count: 1
2026-10-06 05:36:26.454: [INFO] Profile: name=Profile 1 path=C:\Users\sunbeam\Desktop\codes\Day5\.metadata\.plugins\org.eclipse.swt\EBWebView\Default lastActive=2026-10-06T03:12:16.058Z
2026-10-06 05:36:26.454: [INFO] LastUsedProfileDir: C:\Users\sunbeam\Desktop\codes\Day5\.metadata\.plugins\org.eclipse.swt\EBWebView\Default
2026-10-06 05:36:26.454: [INFO] MostRecentlyActiveProfile: name=Profile 1 path=C:\Users\sunbeam\Desktop\codes\Day5\.metadata\.plugins\org.eclipse.swt\EBWebView\Default lastActive=2026-10-06T03:12:16.058Z
2026-10-06 05:36:26.454: [INFO] OnDoneLoading sync enabled: 0
2026-10-06 05:36:26.454: [INFO] BookmarkModelLoaded, ids_reassigned: 0
2026-10-06 05:36:26.454: [INFO] BookmarksLoadDropped droppedNodes=0
2026-10-06 05:36:26.454: [INFO] BookmarksSnapshot Startup total=0 bar=0 other=0 mobile=0 showBar=0 showBarNTP=1
2026-10-06 05:38:18.865: [INFO] BookmarksSnapshot Shutdown total=0 bar=0 other=0 mobile=0 showBar=0 showBarNTP=1
2026-10-06 05:43:22.492: [INFO] CurrentProfilePath: C:\Users\sunbeam\Desktop\codes\Day5\.metadata\.plugins\org.eclipse.swt\EBWebView\Default
2026-10-06 05:43:22.492: [INFO] Profiles total count: 1
2026-10-06 05:43:22.492: [INFO] Profile: name=Profile 1 path=C:\Users\sunbeam\Desktop\codes\Day5\.metadata\.plugins\org.eclipse.swt\EBWebView\Default lastActive=2026-10-06T03:12:16.058Z
2026-10-06 05:43:22.492: [INFO] LastUsedProfileDir: C:\Users\sunbeam\Desktop\codes\Day5\.metadata\.plugins\org.eclipse.swt\EBWebView\Default
2026-10-06 05:43:22.492: [INFO] MostRecentlyActiveProfile: name=Profile 1 path=C:\Users\sunbeam\Desktop\codes\Day5\.metadata\.plugins\org.eclipse.swt\EBWebView\Default lastActive=2026-10-06T03:12:16.058Z
2026-10-06 05:43:22.492: [INFO] OnDoneLoading sync enabled: 0
2026-10-06 05:43:22.492: [INFO] BookmarkModelLoaded, ids_reassigned: 0
2026-10-06 05:43:22.492: [INFO] BookmarksLoadDropped droppedNodes=0
2026-10-06 05:43:22.492: [INFO] BookmarksSnapshot Startup total=0 bar=0 other=0 mobile=0 showBar=0 showBarNTP=1
2026-10-06 06:12:18.022: [INFO] BookmarksSnapshot Shutdown total=0 bar=0 other=0 mobile=0 showBar=0 showBarNTP=1
2026-10-06 06:16:49.340: [INFO] CurrentProfilePath: C:\Users\sunbeam\Desktop\codes\Day5\.metadata\.plugins\org.eclipse.swt\EBWebView\Default
2026-10-06 06:16:49.340: [INFO] Profiles total count: 1
2026-10-06 06:16:49.340: [INFO] Profile: name=Profile 1 path=C:\Users\sunbeam\Desktop\codes\Day5\.metadata\.plugins\org.eclipse.swt\EBWebView\Default lastActive=2026-10-06T03:12:16.058Z
2026-10-06 06:16:49.340: [INFO] LastUsedProfileDir: C:\Users\sunbeam\Desktop\codes\Day5\.metadata\.plugins\org.eclipse.swt\EBWebView\Default
2026-10-06 06:16:49.340: [INFO] MostRecentlyActiveProfile: name=Profile 1 path=C:\Users\sunbeam\Desktop\codes\Day5\.metadata\.plugins\org.eclipse.swt\EBWebView\Default lastActive=2026-10-06T03:12:16.058Z
2026-10-06 06:16:49.340: [INFO] OnDoneLoading sync enabled: 0
2026-10-06 06:16:49.340: [INFO] BookmarkModelLoaded, ids_reassigned: 0
2026-10-06 06:16:49.340: [INFO] BookmarksLoadDropped droppedNodes=0
2026-10-06 06:16:49.340: [INFO] BookmarksSnapshot Startup total=0 bar=0 other=0 mobile=0 showBar=0 showBarNTP=1
2026-10-06 06:40:57.535: [INFO] BookmarksSnapshot Shutdown total=0 bar=0 other=0 mobile=0 showBar=0 showBarNTP=1
2026-10-06 06:46:44.913: [INFO] CurrentProfilePath: C:\Users\sunbeam\Desktop\codes\Day5\.metadata\.plugins\org.eclipse.swt\EBWebView\Default
2026-10-06 06:46:44.913: [INFO] Profiles total count: 1
2026-10-06 06:46:44.913: [INFO] Profile: name=Profile 1 path=C:\Users\sunbeam\Desktop\codes\Day5\.metadata\.plugins\org.eclipse.swt\EBWebView\Default lastActive=2026-10-06T03:12:16.058Z
2026-10-06 06:46:44.913: [INFO] LastUsedProfileDir: C:\Users\sunbeam\Desktop\codes\Day5\.metadata\.plugins\org.eclipse.swt\EBWebView\Default
2026-10-06 06:46:44.913: [INFO] MostRecentlyActiveProfile: name=Profile 1 path=C:\Users\sunbeam\Desktop\codes\Day5\.metadata\.plugins\org.eclipse.swt\EBWebView\Default lastActive=2026-10-06T03:12:16.058Z
2026-10-06 06:46:44.913: [INFO] OnDoneLoading sync enabled: 0
2026-10-06 06:46:44.913: [INFO] BookmarkModelLoaded, ids_reassigned: 0
2026-10-06 06:46:44.913: [INFO] BookmarksLoadDropped droppedNodes=0
2026-10-06 06:46:44.913: [INFO] BookmarksSnapshot Startup total=0 bar=0 other=0 mobile=0 showBar=0 showBarNTP=1
2026-10-06 06:49:43.968: [INFO] BookmarksSnapshot Shutdown total=0 bar=0 other=0 mobile=0 showBar=0 showBarNTP=1
2026-10-06 07:15:48.264: [INFO] CurrentProfilePath: C:\Users\sunbeam\Desktop\codes\Day5\.metadata\.plugins\org.eclipse.swt\EBWebView\Default
2026-10-06 07:15:48.264: [INFO] Profiles total count: 1
2026-10-06 07:15:48.264: [INFO] Profile: name=Profile 1 path=C:\Users\sunbeam\Desktop\codes\Day5\.metadata\.plugins\org.eclipse.swt\EBWebView\Default lastActive=2026-10-06T03:12:16.058Z
2026-10-06 07:15:48.264: [INFO] LastUsedProfileDir: C:\Users\sunbeam\Desktop\codes\Day5\.metadata\.plugins\org.eclipse.swt\EBWebView\Default
2026-10-06 07:15:48.264: [INFO] MostRecentlyActiveProfile: name=Profile 1 path=C:\Users\sunbeam\Desktop\codes\Day5\.metadata\.plugins\org.eclipse.swt\EBWebView\Default lastActive=2026-10-06T03:12:16.058Z
2026-10-06 07:15:48.264: [INFO] OnDoneLoading sync enabled: 0
2026-10-06 07:15:48.264: [INFO] BookmarkModelLoaded, ids_reassigned: 0
2026-10-06 07:15:48.264: [INFO] BookmarksLoadDropped droppedNodes=0
2026-10-06 07:15:48.264: [INFO] BookmarksSnapshot Startup total=0 bar=0 other=0 mobile=0 showBar=0 showBarNTP=1
2026-10-06 07:18:17.524: [INFO] BookmarksSnapshot Shutdown total=0 bar=0 other=0 mobile=0 showBar=0 showBarNTP=1
2026-10-06 07:18:32.890: [INFO] CurrentProfilePath: C:\Users\sunbeam\Desktop\codes\Day5\.metadata\.plugins\org.eclipse.swt\EBWebView\Default
2026-10-06 07:18:32.890: [INFO] Profiles total count: 1
2026-10-06 07:18:32.890: [INFO] Profile: name=Profile 1 path=C:\Users\sunbeam\Desktop\codes\Day5\.metadata\.plugins\org.eclipse.swt\EBWebView\Default lastActive=2026-10-06T03:12:16.058Z
2026-10-06 07:18:32.890: [INFO] LastUsedProfileDir: C:\Users\sunbeam\Desktop\codes\Day5\.metadata\.plugins\org.eclipse.swt\EBWebView\Default
2026-10-06 07:18:32.890: [INFO] MostRecentlyActiveProfile: name=Profile 1 path=C:\Users\sunbeam\Desktop\codes\Day5\.metadata\.plugins\org.eclipse.swt\EBWebView\Default lastActive=2026-10-06T03:12:16.058Z
2026-10-06 07:18:32.890: [INFO] OnDoneLoading sync enabled: 0
2026-10-06 07:18:32.890: [INFO] BookmarkModelLoaded, ids_reassigned: 0
2026-10-06 07:18:32.890: [INFO] BookmarksLoadDropped droppedNodes=0
2026-10-06 07:18:32.890: [INFO] BookmarksSnapshot Startup total=0 bar=0 other=0 mobile=0 showBar=0 showBarNTP=1
2026-10-06 07:18:37.804: [INFO] BookmarksSnapshot Shutdown total=0 bar=0 other=0 mobile=0 showBar=0 showBarNTP=1
2026-10-06 07:19:13.269: [INFO] CurrentProfilePath: C:\Users\sunbeam\Desktop\codes\Day5\.metadata\.plugins\org.eclipse.swt\EBWebView\Default
2026-10-06 07:19:13.269: [INFO] Profiles total count: 1
2026-10-06 07:19:13.269: [INFO] Profile: name=Profile 1 path=C:\Users\sunbeam\Desktop\codes\Day5\.metadata\.plugins\org.eclipse.swt\EBWebView\Default lastActive=2026-10-06T03:12:16.058Z
2026-10-06 07:19:13.269: [INFO] LastUsedProfileDir: C:\Users\sunbeam\Desktop\codes\Day5\.metadata\.plugins\org.eclipse.swt\EBWebView\Default
2026-10-06 07:19:13.269: [INFO] MostRecentlyActiveProfile: name=Profile 1 path=C:\Users\sunbeam\Desktop\codes\Day5\.metadata\.plugins\org.eclipse.swt\EBWebView\Default lastActive=2026-10-06T03:12:16.058Z
2026-10-06 07:19:13.269: [INFO] OnDoneLoading sync enabled: 0
2026-10-06 07:19:13.269: [INFO] BookmarkModelLoaded, ids_reassigned: 0
2026-10-06 07:19:13.269: [INFO] BookmarksLoadDropped droppedNodes=0
2026-10-06 07:19:13.269: [INFO] BookmarksSnapshot Startup total=0 bar=0 other=0 mobile=0 showBar=0 showBarNTP=1
2026-10-06 07:50:09.103: [INFO] BookmarksSnapshot Shutdown total=0 bar=0 other=0 mobile=0 showBar=0 showBarNTP=1
2026-10-06 07:51:52.526: [INFO] CurrentProfilePath: C:\Users\sunbeam\Desktop\codes\Day5\.metadata\.plugins\org.eclipse.swt\EBWebView\Default
2026-10-06 07:51:52.526: [INFO] Profiles total count: 1
2026-10-06 07:51:52.526: [INFO] Profile: name=Profile 1 path=C:\Users\sunbeam\Desktop\codes\Day5\.metadata\.plugins\org.eclipse.swt\EBWebView\Default lastActive=2026-10-06T03:12:16.058Z
2026-10-06 07:51:52.526: [INFO] LastUsedProfileDir: C:\Users\sunbeam\Desktop\codes\Day5\.metadata\.plugins\org.eclipse.swt\EBWebView\Default
2026-10-06 07:51:52.526: [INFO] MostRecentlyActiveProfile: name=Profile 1 path=C:\Users\sunbeam\Desktop\codes\Day5\.metadata\.plugins\org.eclipse.swt\EBWebView\Default lastActive=2026-10-06T03:12:16.058Z
2026-10-06 07:51:52.526: [INFO] OnDoneLoading sync enabled: 0
2026-10-06 07:51:52.526: [INFO] BookmarkModelLoaded, ids_reassigned: 0
2026-10-06 07:51:52.526: [INFO] BookmarksLoadDropped droppedNodes=0
2026-10-06 07:51:52.526: [INFO] BookmarksSnapshot Startup total=0 bar=0 other=0 mobile=0 showBar=0 showBarNTP=1
2026-10-06 07:53:40.219: [INFO] BookmarksSnapshot Shutdown total=0 bar=0 other=0 mobile=0 showBar=0 showBarNTP=1
2026-10-06 08:09:53.068: [INFO] CurrentProfilePath: C:\Users\sunbeam\Desktop\codes\Day5\.metadata\.plugins\org.eclipse.swt\EBWebView\Default
2026-10-06 08:09:53.068: [INFO] Profiles total count: 1
2026-10-06 08:09:53.068: [INFO] Profile: name=Profile 1 path=C:\Users\sunbeam\Desktop\codes\Day5\.metadata\.plugins\org.eclipse.swt\EBWebView\Default lastActive=2026-10-06T03:12:16.058Z
2026-10-06 08:09:53.068: [INFO] LastUsedProfileDir: C:\Users\sunbeam\Desktop\codes\Day5\.metadata\.plugins\org.eclipse.swt\EBWebView\Default
2026-10-06 08:09:53.068: [INFO] MostRecentlyActiveProfile: name=Profile 1 path=C:\Users\sunbeam\Desktop\codes\Day5\.metadata\.plugins\org.eclipse.swt\EBWebView\Default lastActive=2026-10-06T03:12:16.058Z
2026-10-06 08:09:53.068: [INFO] OnDoneLoading sync enabled: 0
2026-10-06 08:09:53.068: [INFO] BookmarkModelLoaded, ids_reassigned: 0
2026-10-06 08:09:53.068: [INFO] BookmarksLoadDropped droppedNodes=0
2026-10-06 08:09:53.068: [INFO] BookmarksSnapshot Startup total=0 bar=0 other=0 mobile=0 showBar=0 showBarNTP=1
2026-10-06 08:15:03.521: [INFO] BookmarksSnapshot Shutdown total=0 bar=0 other=0 mobile=0 showBar=0 showBarNTP=1
